// Jest Snapshot v1, https://goo.gl/fbAQLP

exports[`BranchView - default snapshot Snapshots renders correctly 1`] = `
Array [
  " ",
  <div
    className="Toastify"
  />,
  <div
    className="MuiGrid-root MuiGrid-container MuiGrid-spacing-xs-1 css-1rhdp4s-MuiGrid-root"
  >
    <div
      className="MuiGrid-root MuiGrid-item MuiGrid-grid-xs-12 css-1em9ut6-MuiGrid-root"
    >
      <label
        className="MuiFormControlLabel-root MuiFormControlLabel-labelPlacementStart css-1f2kvjf-MuiFormControlLabel-root"
      >
        <span
          className="MuiSwitch-root MuiSwitch-sizeMedium css-julti5-MuiSwitch-root"
        >
          <span
            className="MuiSwitch-switchBase MuiSwitch-colorPrimary MuiButtonBase-root MuiSwitch-switchBase MuiSwitch-colorPrimary PrivateSwitchBase-root css-5ryogn-MuiButtonBase-root-MuiSwitch-switchBase"
            onBlur={[Function]}
            onContextMenu={[Function]}
            onDragLeave={[Function]}
            onFocus={[Function]}
            onKeyDown={[Function]}
            onKeyUp={[Function]}
            onMouseDown={[Function]}
            onMouseLeave={[Function]}
            onMouseUp={[Function]}
            onTouchEnd={[Function]}
            onTouchMove={[Function]}
            onTouchStart={[Function]}
            style={
              Object {
                "color": "#e8f5e9",
              }
            }
            tabIndex={null}
          >
            <input
              checked={false}
              className="MuiSwitch-input PrivateSwitchBase-input css-1m9pwf3"
              onChange={[Function]}
              type="checkbox"
              value="top"
            />
            <span
              className="MuiSwitch-thumb css-jsexje-MuiSwitch-thumb"
            />
          </span>
          <span
            className="MuiSwitch-track css-1yjjitx-MuiSwitch-track"
          />
        </span>
        <span
          className="MuiTypography-root MuiTypography-body1 MuiFormControlLabel-label css-ahj2mt-MuiTypography-root"
        >
          Any of these
        </span>
      </label>
      <button
        className="MuiButtonBase-root MuiIconButton-root MuiIconButton-colorSuccess MuiIconButton-sizeSmall css-15ghhi9-MuiButtonBase-root-MuiIconButton-root"
        disabled={false}
        onBlur={[Function]}
        onClick={[Function]}
        onContextMenu={[Function]}
        onDragLeave={[Function]}
        onFocus={[Function]}
        onKeyDown={[Function]}
        onKeyUp={[Function]}
        onMouseDown={[Function]}
        onMouseLeave={[Function]}
        onMouseUp={[Function]}
        onTouchEnd={[Function]}
        onTouchMove={[Function]}
        onTouchStart={[Function]}
        tabIndex={0}
        type="button"
      >
        <svg
          aria-hidden={true}
          className="MuiSvgIcon-root MuiSvgIcon-fontSizeSmall css-ptiqhd-MuiSvgIcon-root"
          data-testid="AddCircleOutlineIcon"
          focusable="false"
          viewBox="0 0 24 24"
        >
          <path
            d="M13 7h-2v4H7v2h4v4h2v-4h4v-2h-4V7zm-1-5C6.48 2 2 6.48 2 12s4.48 10 10 10 10-4.48 10-10S17.52 2 12 2zm0 18c-4.41 0-8-3.59-8-8s3.59-8 8-8 8 3.59 8 8-3.59 8-8 8z"
          />
        </svg>
      </button>
    </div>
  </div>,
]
`;
